info: proof_challenge_experiment: no previous manifest, creating one from scratch
info: toolchain not updated; already up-to-date
Building Challenge
WARNING: THIS IS NOT REAL LANDRUN! UNSAFELY RUNNING exec lake build Challenge
✔ [2/3] Built Challenge (328ms)
Build completed successfully (3 jobs).
WARNING: THIS IS NOT REAL LANDRUN! UNSAFELY RUNNING exec /tmp/zenofcis-proof-tools-20261007/comparator/.lake/packages/lean4export/.lake/build/bin/lean4export Challenge -- ApprovalContract.approval_requires_authority Nat.add Nat.sub Nat.mul Nat.pow Nat.gcd Nat.div Nat.mod Nat.beq Nat.ble Nat.land Nat.lor Nat.xor Nat.shiftLeft Nat.shiftRight String.ofList
Exporting #[ApprovalContract.approval_requires_authority, Nat.add, Nat.sub, Nat.mul, Nat.pow, Nat.gcd, Nat.div, Nat.mod, Nat.beq, Nat.ble, Nat.land, Nat.lor, Nat.xor, Nat.shiftLeft, Nat.shiftRight, String.ofList] from Challenge
Building Solution
WARNING: THIS IS NOT REAL LANDRUN! UNSAFELY RUNNING exec lake build Solution
✖ [2/3] Building Solution (313ms)
trace: .> LEAN_PATH=/tmp/zenofcis-proof-tools-20261007/pilot03/projects-6no6qctw/invalid-proof-judged/.lake/build/lib/lean <PINNED_LEAN_ROOT>/bin/lean /tmp/zenofcis-proof-tools-20261007/pilot03/projects-6no6qctw/invalid-proof-judged/Solution.lean -o /tmp/zenofcis-proof-tools-20261007/pilot03/projects-6no6qctw/invalid-proof-judged/.lake/build/lib/lean/Solution.olean -i /tmp/zenofcis-proof-tools-20261007/pilot03/projects-6no6qctw/invalid-proof-judged/.lake/build/lib/lean/Solution.ilean -c /tmp/zenofcis-proof-tools-20261007/pilot03/projects-6no6qctw/invalid-proof-judged/.lake/build/ir/Solution.c --setup /tmp/zenofcis-proof-tools-20261007/pilot03/projects-6no6qctw/invalid-proof-judged/.lake/build/ir/Solution.setup.json --json
error: Solution.lean:11:2: Tactic `rfl` failed: The left-hand side
  authorized
is not definitionally equal to the right-hand side
  true

pending authorized : Bool
a✝ : approve pending authorized = true
⊢ authorized = true
error: Lean exited with code 1
Some required targets logged failures:
- Solution
error: build failed
uncaught exception: Child exited with 1
