proof-challenge: PASS valid: accept
proof-challenge: PASS alternate-proof: accept
proof-challenge: PASS weakened-statement: refuse
proof-challenge: PASS changed-definition: refuse
proof-challenge: PASS changed-helper: refuse
proof-challenge: PASS forbidden-axiom: refuse
proof-challenge: PASS unfinished-proof: refuse
proof-challenge: PASS invalid-proof: refuse
proof-challenge: complete PASS (8 cases)
	Command being timed: "python3 tools/check_proof_challenge.py --comparator-root /tmp/zenofcis-proof-tools-20261007/comparator --lean-root <PINNED_LEAN_ROOT> --output /tmp/zenofcis-proof-tools-20261007/pilot03"
	User time (seconds): 12.90
	System time (seconds): 20.51
	Percent of CPU this job got: 89%
	Elapsed (wall clock) time (h:mm:ss or m:ss): 0:37.30
	Average shared text size (kbytes): 0
	Average unshared data size (kbytes): 0
	Average stack size (kbytes): 0
	Average total size (kbytes): 0
	Maximum resident set size (kbytes): 704940
	Average resident set size (kbytes): 0
	Major (requiring I/O) page faults: 25
	Minor (reclaiming a frame) page faults: 1846213
	Voluntary context switches: 8394
	Involuntary context switches: 417
	Swaps: 0
	File system inputs: 388200
	File system outputs: 2960
	Socket messages sent: 0
	Socket messages received: 0
	Signals delivered: 0
	Page size (bytes): 4096
	Exit status: 0
