case 1/100 small_gate-00 evaluated
case 2/100 small_gate-01 evaluated
case 3/100 small_gate-02 evaluated
case 4/100 small_gate-03 evaluated
case 5/100 small_gate-04 evaluated
case 6/100 small_gate-05 evaluated
case 7/100 small_gate-06 evaluated
case 8/100 small_gate-07 evaluated
case 9/100 distributed_factoring-00 evaluated
case 10/100 distributed_factoring-01 evaluated
case 11/100 distributed_factoring-02 evaluated
case 12/100 distributed_factoring-03 evaluated
case 13/100 distributed_factoring-04 evaluated
case 14/100 distributed_factoring-05 evaluated
case 15/100 distributed_factoring-06 evaluated
case 16/100 distributed_factoring-07 evaluated
case 17/100 distributed_factoring-08 evaluated
case 18/100 distributed_factoring-09 evaluated
case 19/100 distributed_factoring-10 evaluated
case 20/100 distributed_factoring-11 evaluated
case 21/100 distributed_factoring-12 evaluated
case 22/100 distributed_factoring-13 evaluated
case 23/100 distributed_factoring-14 evaluated
case 24/100 distributed_factoring-15 evaluated
case 25/100 distributed_factoring-16 evaluated
case 26/100 distributed_factoring-17 evaluated
case 27/100 absorption_complement-00 evaluated
case 28/100 absorption_complement-01 evaluated
case 29/100 absorption_complement-02 evaluated
case 30/100 absorption_complement-03 evaluated
case 31/100 absorption_complement-04 evaluated
case 32/100 absorption_complement-05 evaluated
case 33/100 absorption_complement-06 evaluated
case 34/100 absorption_complement-07 evaluated
case 35/100 absorption_complement-08 evaluated
case 36/100 absorption_complement-09 evaluated
case 37/100 absorption_complement-10 evaluated
case 38/100 absorption_complement-11 evaluated
case 39/100 absorption_complement-12 evaluated
case 40/100 absorption_complement-13 evaluated
case 41/100 absorption_complement-14 evaluated
case 42/100 absorption_complement-15 evaluated
case 43/100 absorption_complement-16 evaluated
case 44/100 absorption_complement-17 evaluated
case 45/100 mixed_ite_demorgan-00 evaluated
case 46/100 mixed_ite_demorgan-01 evaluated
case 47/100 mixed_ite_demorgan-02 evaluated
case 48/100 mixed_ite_demorgan-03 evaluated
case 49/100 mixed_ite_demorgan-04 evaluated
case 50/100 mixed_ite_demorgan-05 evaluated
case 51/100 mixed_ite_demorgan-06 evaluated
case 52/100 mixed_ite_demorgan-07 evaluated
case 53/100 mixed_ite_demorgan-08 evaluated
case 54/100 mixed_ite_demorgan-09 evaluated
case 55/100 mixed_ite_demorgan-10 evaluated
case 56/100 mixed_ite_demorgan-11 evaluated
case 57/100 mixed_ite_demorgan-12 evaluated
case 58/100 mixed_ite_demorgan-13 evaluated
case 59/100 mixed_ite_demorgan-14 evaluated
case 60/100 mixed_ite_demorgan-15 evaluated
case 61/100 mixed_ite_demorgan-16 evaluated
case 62/100 mixed_ite_demorgan-17 evaluated
case 63/100 shared_guards-00 evaluated
case 64/100 shared_guards-01 evaluated
case 65/100 shared_guards-02 evaluated
case 66/100 shared_guards-03 evaluated
case 67/100 shared_guards-04 evaluated
case 68/100 shared_guards-05 evaluated
case 69/100 shared_guards-06 evaluated
case 70/100 shared_guards-07 evaluated
case 71/100 shared_guards-08 evaluated
case 72/100 shared_guards-09 evaluated
case 73/100 shared_guards-10 evaluated
case 74/100 shared_guards-11 evaluated
case 75/100 shared_guards-12 evaluated
case 76/100 shared_guards-13 evaluated
case 77/100 shared_guards-14 evaluated
case 78/100 shared_guards-15 evaluated
case 79/100 shared_guards-16 evaluated
case 80/100 shared_guards-17 evaluated
case 81/100 balanced_general-00 evaluated
case 82/100 balanced_general-01 evaluated
case 83/100 balanced_general-02 evaluated

thread 'main' (23407181) panicked at vendor/egg/src/lp_extract.rs:335:18:
LpExtract found an active class without a selected node
note: run with `RUST_BACKTRACE=1` environment variable to display a backtrace

thread 'main' (23407181) panicked at vendor/egg/src/lp_extract.rs:335:18:
LpExtract found an active class without a selected node
case 84/100 balanced_general-03 evaluated
case 85/100 balanced_general-04 evaluated

thread 'main' (23407181) panicked at vendor/egg/src/lp_extract.rs:335:18:
LpExtract found an active class without a selected node
case 86/100 balanced_general-05 evaluated
case 87/100 balanced_general-06 evaluated

thread 'main' (23407181) panicked at vendor/egg/src/lp_extract.rs:335:18:
LpExtract found an active class without a selected node
case 88/100 balanced_general-07 evaluated

thread 'main' (23407181) panicked at vendor/egg/src/lp_extract.rs:335:18:
LpExtract found an active class without a selected node
case 89/100 balanced_general-08 evaluated
case 90/100 balanced_general-09 evaluated
case 91/100 balanced_general-10 evaluated
case 92/100 balanced_general-11 evaluated
case 93/100 balanced_general-12 evaluated

thread 'main' (23407181) panicked at vendor/egg/src/lp_extract.rs:335:18:
LpExtract found an active class without a selected node
case 94/100 balanced_general-13 evaluated
case 95/100 balanced_general-14 evaluated

thread 'main' (23407181) panicked at vendor/egg/src/lp_extract.rs:335:18:
LpExtract found an active class without a selected node
case 96/100 balanced_general-15 evaluated

thread 'main' (23407181) panicked at vendor/egg/src/lp_extract.rs:335:18:
LpExtract found an active class without a selected node
case 97/100 balanced_general-16 evaluated
case 98/100 balanced_general-17 evaluated
case 99/100 balanced_general-18 evaluated

thread 'main' (23407181) panicked at vendor/egg/src/lp_extract.rs:335:18:
LpExtract found an active class without a selected node
case 100/100 balanced_general-19 evaluated
{"cases":100,"failures":12,"gate_passed":false,"output":"experiments/semantic-egraphs/results/main-rust.json"}
